main.c:78:6:HAL_UART_RxCpltCallback	16	static
main.c:89:6:AddTime	24	static
main.c:112:5:main	96	static
main.c:594:6:OpenBlinds	8	static
main.c:603:6:CloseBlinds	8	static
main.c:612:5:getTimeFlag	8	static
main.c:634:6:CheckTime	8	static
main.c:660:6:formatCloseTime	16	static
main.c:680:6:formatOpenTime	16	static
main.c:699:6:formatTime	16	static
main.c:711:5:getTempFlag	32	static
main.c:730:6:CheckTemperature	32	static
main.c:756:5:getBrightFlag	24	static
main.c:785:6:CheckBrightness	24	static
main.c:828:5:Get_Luminosity	40	static
main.c:849:5:Get_Battery_Percentage	32	static
main.c:864:5:Convert_Fahrenheit	32	static
main.c:870:7:Get_Temperature	48	static
main.c:892:13:MX_USART1_UART_Init	8	static
main.c:922:6:ADC_Init	8	static
main.c:943:5:ADC_Read	24	static
main.c:954:6:Motor_Init	32	static
main.c:1020:6:Button_OpenClose_Init	8	static
main.c:1084:6:Button_UpDown_Init	8	static
main.c:1152:6:TIM3_IRQHandler	32	static
main.c:1215:6:delay	24	static
main.c:1226:6:SystemClock_Config	80	static
main.c:1263:6:Error_Handler	8	static
